###############################################################################
#
# IAR ELF Linker V8.32.1.169/W32 for ARM                  08/Nov/2019  19:04:06
# Copyright 2007-2018 IAR Systems AB.
#
#    Output file  =  
#        C:\Users\10458\Desktop\讲课\2019四轮华东赛\总钻风采集\Prj\IAR\FX15_Debug\Exe\vcan_Kinetis.out
#    Map file     =  
#        C:\Users\10458\Desktop\讲课\2019四轮华东赛\总钻风采集\Prj\IAR\FX15_Debug\List\vcan_Kinetis.map
#    Command line =  
#        -f C:\Users\10458\AppData\Local\Temp\EWDFED.tmp
#        (C:\Users\10458\Desktop\讲课\2019四轮华东赛\总钻风采集\Prj\IAR\FX15_Debug\Obj\CL_FUN.o
#        C:\Users\10458\Desktop\讲课\2019四轮华东赛\总钻风采集\Prj\IAR\FX15_Debug\Obj\diskio.o
#        C:\Users\10458\Desktop\讲课\2019四轮华东赛\总钻风采集\Prj\IAR\FX15_Debug\Obj\Display.o
#        C:\Users\10458\Desktop\讲课\2019四轮华东赛\总钻风采集\Prj\IAR\FX15_Debug\Obj\ff.o
#        C:\Users\10458\Desktop\讲课\2019四轮华东赛\总钻风采集\Prj\IAR\FX15_Debug\Obj\font.o
#        C:\Users\10458\Desktop\讲课\2019四轮华东赛\总钻风采集\Prj\IAR\FX15_Debug\Obj\GRAY_CALCULATE.o
#        C:\Users\10458\Desktop\讲课\2019四轮华东赛\总钻风采集\Prj\IAR\FX15_Debug\Obj\initialization.o
#        C:\Users\10458\Desktop\讲课\2019四轮华东赛\总钻风采集\Prj\IAR\FX15_Debug\Obj\inv_mpu.o
#        C:\Users\10458\Desktop\讲课\2019四轮华东赛\总钻风采集\Prj\IAR\FX15_Debug\Obj\inv_mpu_dmp_motion_driver.o
#        C:\Users\10458\Desktop\讲课\2019四轮华东赛\总钻风采集\Prj\IAR\FX15_Debug\Obj\LCD12864.o
#        C:\Users\10458\Desktop\讲课\2019四轮华东赛\总钻风采集\Prj\IAR\FX15_Debug\Obj\LCD12864lib.o
#        C:\Users\10458\Desktop\讲课\2019四轮华东赛\总钻风采集\Prj\IAR\FX15_Debug\Obj\main.o
#        C:\Users\10458\Desktop\讲课\2019四轮华东赛\总钻风采集\Prj\IAR\FX15_Debug\Obj\misc.o
#        C:\Users\10458\Desktop\讲课\2019四轮华东赛\总钻风采集\Prj\IAR\FX15_Debug\Obj\MK60_adc.o
#        C:\Users\10458\Desktop\讲课\2019四轮华东赛\总钻风采集\Prj\IAR\FX15_Debug\Obj\MK60_can.o
#        C:\Users\10458\Desktop\讲课\2019四轮华东赛\总钻风采集\Prj\IAR\FX15_Debug\Obj\MK60_conf.o
#        C:\Users\10458\Desktop\讲课\2019四轮华东赛\总钻风采集\Prj\IAR\FX15_Debug\Obj\MK60_dac.o
#        C:\Users\10458\Desktop\讲课\2019四轮华东赛\总钻风采集\Prj\IAR\FX15_Debug\Obj\MK60_dma.o
#        C:\Users\10458\Desktop\讲课\2019四轮华东赛\总钻风采集\Prj\IAR\FX15_Debug\Obj\MK60_DWT.o
#        C:\Users\10458\Desktop\讲课\2019四轮华东赛\总钻风采集\Prj\IAR\FX15_Debug\Obj\MK60_flash.o
#        C:\Users\10458\Desktop\讲课\2019四轮华东赛\总钻风采集\Prj\IAR\FX15_Debug\Obj\MK60_flexbus.o
#        C:\Users\10458\Desktop\讲课\2019四轮华东赛\总钻风采集\Prj\IAR\FX15_Debug\Obj\MK60_ftm.o
#        C:\Users\10458\Desktop\讲课\2019四轮华东赛\总钻风采集\Prj\IAR\FX15_Debug\Obj\MK60_gpio.o
#        C:\Users\10458\Desktop\讲课\2019四轮华东赛\总钻风采集\Prj\IAR\FX15_Debug\Obj\MK60_i2c.o
#        C:\Users\10458\Desktop\讲课\2019四轮华东赛\总钻风采集\Prj\IAR\FX15_Debug\Obj\MK60_lptmr.o
#        C:\Users\10458\Desktop\讲课\2019四轮华东赛\总钻风采集\Prj\IAR\FX15_Debug\Obj\MK60_mcg.o
#        C:\Users\10458\Desktop\讲课\2019四轮华东赛\总钻风采集\Prj\IAR\FX15_Debug\Obj\MK60_PIT.o
#        C:\Users\10458\Desktop\讲课\2019四轮华东赛\总钻风采集\Prj\IAR\FX15_Debug\Obj\MK60_port.o
#        C:\Users\10458\Desktop\讲课\2019四轮华东赛\总钻风采集\Prj\IAR\FX15_Debug\Obj\MK60_rtc.o
#        C:\Users\10458\Desktop\讲课\2019四轮华东赛\总钻风采集\Prj\IAR\FX15_Debug\Obj\MK60_sdhc.o
#        C:\Users\10458\Desktop\讲课\2019四轮华东赛\总钻风采集\Prj\IAR\FX15_Debug\Obj\MK60_spi.o
#        C:\Users\10458\Desktop\讲课\2019四轮华东赛\总钻风采集\Prj\IAR\FX15_Debug\Obj\MK60_SysTick.o
#        C:\Users\10458\Desktop\讲课\2019四轮华东赛\总钻风采集\Prj\IAR\FX15_Debug\Obj\MK60_uart.o
#        C:\Users\10458\Desktop\讲课\2019四轮华东赛\总钻风采集\Prj\IAR\FX15_Debug\Obj\MK60_usb.o
#        C:\Users\10458\Desktop\讲课\2019四轮华东赛\总钻风采集\Prj\IAR\FX15_Debug\Obj\MK60_wdog.o
#        C:\Users\10458\Desktop\讲课\2019四轮华东赛\总钻风采集\Prj\IAR\FX15_Debug\Obj\MPU6050.o
#        C:\Users\10458\Desktop\讲课\2019四轮华东赛\总钻风采集\Prj\IAR\FX15_Debug\Obj\MT9V032.o
#        C:\Users\10458\Desktop\讲课\2019四轮华东赛\总钻风采集\Prj\IAR\FX15_Debug\Obj\My_I2C.o
#        C:\Users\10458\Desktop\讲课\2019四轮华东赛\总钻风采集\Prj\IAR\FX15_Debug\Obj\SEEKFREE_18TFT.o
#        C:\Users\10458\Desktop\讲课\2019四轮华东赛\总钻风采集\Prj\IAR\FX15_Debug\Obj\startup_MK60DZ10.o
#        C:\Users\10458\Desktop\讲课\2019四轮华东赛\总钻风采集\Prj\IAR\FX15_Debug\Obj\system_MK60DZ10.o
#        C:\Users\10458\Desktop\讲课\2019四轮华东赛\总钻风采集\Prj\IAR\FX15_Debug\Obj\Test.o
#        C:\Users\10458\Desktop\讲课\2019四轮华东赛\总钻风采集\Prj\IAR\FX15_Debug\Obj\TFmini_Plus.o
#        C:\Users\10458\Desktop\讲课\2019四轮华东赛\总钻风采集\Prj\IAR\FX15_Debug\Obj\UART.o
#        C:\Users\10458\Desktop\讲课\2019四轮华东赛\总钻风采集\Prj\IAR\FX15_Debug\Obj\USB.o
#        C:\Users\10458\Desktop\讲课\2019四轮华东赛\总钻风采集\Prj\IAR\FX15_Debug\Obj\USB_CDC.o
#        C:\Users\10458\Desktop\讲课\2019四轮华东赛\总钻风采集\Prj\IAR\FX15_Debug\Obj\VCAN_key.o
#        C:\Users\10458\Desktop\讲课\2019四轮华东赛\总钻风采集\Prj\IAR\FX15_Debug\Obj\VCAN_key_event.o
#        C:\Users\10458\Desktop\讲课\2019四轮华东赛\总钻风采集\Prj\IAR\FX15_Debug\Obj\VCAN_LED.o
#        C:\Users\10458\Desktop\讲课\2019四轮华东赛\总钻风采集\Prj\IAR\FX15_Debug\Obj\VCAN_MMA7455.o
#        C:\Users\10458\Desktop\讲课\2019四轮华东赛\总钻风采集\Prj\IAR\FX15_Debug\Obj\VCAN_UI_VAR.o
#        C:\Users\10458\Desktop\讲课\2019四轮华东赛\总钻风采集\Prj\IAR\FX15_Debug\Obj\vectors.o
#        --redirect _Printf=_PrintfLargeNoMb --redirect _Scanf=_ScanfLargeNoMb
#        --no_out_extension -o
#        C:\Users\10458\Desktop\讲课\2019四轮华东赛\总钻风采集\Prj\IAR\FX15_Debug\Exe\vcan_Kinetis.out
#        --map
#        C:\Users\10458\Desktop\讲课\2019四轮华东赛\总钻风采集\Prj\IAR\FX15_Debug\List\vcan_Kinetis.map
#        --config
#        "C:\Users\10458\Desktop\讲课\2019四轮华东赛\总钻风采集\Prj\IAR\config
#        files\vcan_ROM_K60X512.icf"
#        C:\Users\10458\Desktop\讲课\2019四轮华东赛\总钻风采集\Prj\IAR\..\..\Lib\CMSIS\iar_cortexM4l_math.a
#        --entry __iar_program_start --redirect __write=__write_buffered --vfe
#        --text_out locale)
#
###############################################################################

*******************************************************************************
*** RUNTIME MODEL ATTRIBUTES
***

CppFlavor       = *
__SystemLibrary = DLib
__dlib_version  = 6


*******************************************************************************
*** HEAP SELECTION
***

The basic heap was selected because no calls to memory allocation
functions were found in the application outside of system library
functions, and there are calls to deallocation functions in the
application.


*******************************************************************************
*** PLACEMENT SUMMARY
***

"A0":  place at 0x0 { ro section .intvec };
"A1":  place at 0x410 { ro section .noinit };
define block CodeRelocate { section .textrw_init };
"P1":  place in [from 0x0 to 0x8'0000] |
                [from 0x1000'0000 to 0x1007'ffff] { ro, block CodeRelocate };
define block CodeRelocateRam { section .textrw };
define block CSTACK with size = 8K, alignment = 8 { };
define block HEAP with size = 8K, alignment = 8 { };
"P2":  place in [from 0x1fff'0410 to 0x2001'0000] {
          rw, block CodeRelocateRam, block CSTACK, block HEAP };
initialize manually with packing = copy, complex ranges { section .data };
initialize manually with packing = copy, complex ranges { section .textrw };

  Section              Kind         Address    Size  Object
  -------              ----         -------    ----  ------
"A0":                                         0x410
  .intvec              const            0x0   0x410  vectors.o [1]
                                    - 0x410   0x410

"A1":                                           0x8
  .noinit              ro code        0x410     0x8  startup_MK60DZ10.o [1]
                                    - 0x418     0x8

"P1":                                        0x36a0
  .text                ro code        0x418   0xc16  xprintflarge_nomb.o [2]
  .text                ro code       0x102e    0x3a  zero_init3.o [4]
  .text                ro code       0x1068    0x16  strchr.o [4]
  .text                ro code       0x1080    0x40  xfail_s.o [2]
  .text                ro code       0x10c0    0x36  strlen.o [4]
  .text                ro code       0x10f8    0x58  memchr.o [4]
  .text                ro code       0x1150   0x230  I64DivMod.o [4]
  .text                ro code       0x1380   0x1a2  DblMul.o [3]
  .text                ro code       0x1524    0xa6  ABImemcpy.o [4]
  .text                ro code       0x15cc    0x70  frexp.o [3]
  .text                ro code       0x163c   0x246  DblDiv.o [3]
  .text                ro code       0x1884    0x28  DblToU32.o [3]
  .text                ro code       0x18ac    0x1a  U32ToDbl.o [3]
  .text                ro code       0x18c8    0xe2  DblSub.o [3]
  .text                ro code       0x19ac     0x8  xlocale_c.o [2]
  .text                ro code       0x19b4     0x6  abort.o [2]
  .text                ro code       0x19bc     0x2  I64DivZer.o [4]
  .text                ro code       0x19c0   0x16a  DblAdd.o [3]
  .text                ro code       0x1b2c     0xc  XXexit.o [4]
  .data_init                         0x1b38   0x86c  <Block>
    Initializer bytes  const         0x1b38   0x86c  <for .data-1>
  Veneer               ro code       0x23a4     0x8  - Linker created -
  .text                ro code       0x23ac   0x3e8  MK60_mcg.o [1]
  .text                ro code       0x2794   0x3a0  LCD12864.o [1]
  .text                ro code       0x2b34   0x134  MK60_gpio.o [1]
  .text                ro code       0x2c68    0x50  MK60_port.o [1]
  .text                ro code       0x2cb8    0x64  MK60_conf.o [1]
  .text                ro code       0x2d1c    0x28  printf.o [2]
  .text                ro code       0x2d44    0x60  MK60_SysTick.o [1]
  .text                ro code       0x2da4   0x2b8  MK60_uart.o [1]
  .text                ro code       0x305c   0x328  MT9V032.o [1]
  .text                ro code       0x3384    0x50  misc.o [1]
  .text                ro code       0x33d4   0x248  MK60_dma.o [1]
  .text                ro code       0x361c   0x118  system_MK60DZ10.o [1]
  .text                ro code       0x3734    0x40  MK60_wdog.o [1]
  .text                ro code       0x3774    0x48  main.o [1]
  .rodata              const         0x37bc    0x5c  MK60_SysTick.o [1]
  .rodata              const         0x3818    0x58  MK60_dma.o [1]
  .rodata              const         0x3870    0x58  MK60_gpio.o [1]
  .rodata              const         0x38c8    0x58  MK60_uart.o [1]
  .rodata              const         0x3920    0x54  misc.o [1]
  CodeRelocate                       0x3974    0x48  <Block>
    Initializer bytes  const         0x3974    0x48  <for CodeRelocateRam-1>
  .rodata              const         0x39bc    0x3c  MK60_conf.o [1]
  .text                ro code       0x39f8    0x28  data_init.o [4]
  .rodata              const         0x3a20    0x24  MK60_conf.o [1]
  .iar.init_table      const         0x3a44    0x10  - Linker created -
  .text                ro code       0x3a54    0x1e  cmain.o [4]
  .text                ro code       0x3a72     0x4  low_level_init.o [2]
  .text                ro code       0x3a76     0x4  exit.o [2]
  .text                ro code       0x3a7c     0xa  cexit.o [4]
  .text                ro code       0x3a86    0x16  xprout.o [2]
  .text                ro code       0x3a9c     0xc  putchar.o [2]
  .text                ro code       0x3aa8     0xc  cstartup_M.o [4]
  .rodata              const         0x3ab4     0x4  xlocale_c.o [2]
  .rodata              const         0x3ab8     0x0  zero_init3.o [4]
                                   - 0x3ab8  0x36a0

"P2", part 1 of 2:                            0x8b4
  .data                         0x1fff'0410   0x86c  <Block>
    .data-1                     0x1fff'0410   0x869  <Init block>
      .data            inited   0x1fff'0410   0x708  MK60_conf.o [1]
      .data            inited   0x1fff'0b18    0x14  MK60_gpio.o [1]
      .data            inited   0x1fff'0b2c    0x58  MK60_mcg.o [1]
      .data            inited   0x1fff'0b84     0x4  MK60_mcg.o [1]
      .data            inited   0x1fff'0b88    0x14  MK60_port.o [1]
      .data            inited   0x1fff'0b9c    0x18  MK60_uart.o [1]
      .data            inited   0x1fff'0bb4    0x24  MT9V032.o [1]
      .data            inited   0x1fff'0bd8    0x20  MT9V032.o [1]
      .data            inited   0x1fff'0bf8    0x38  xlocale_c.o [2]
      .data            inited   0x1fff'0c30    0x48  xfiles.o [2]
      .data            inited   0x1fff'0c78     0x1  MT9V032.o [1]
  CodeRelocateRam               0x1fff'0c7c    0x48  <Block>
    CodeRelocateRam-1           0x1fff'0c7c    0x48  <Init block>
      .textrw          inited   0x1fff'0c7c    0x48  MK60_mcg.o [1]
                              - 0x1fff'0cc4   0x8b4

"P2", part 2 of 2:                           0x4f68
  .bss                          0x1fff'0cc4  0x4f68  <Block>
    .bss               zero     0x1fff'0cc4   0x400  LCD12864.o [1]
    .bss               zero     0x1fff'10c4  0x4b00  MT9V032.o [1]
    .bss               zero     0x1fff'5bc4     0x4  MT9V032.o [1]
    .bss               zero     0x1fff'5bc8     0x4  system_MK60DZ10.o [1]
    .bss               zero     0x1fff'5bcc     0x4  system_MK60DZ10.o [1]
    .bss               zero     0x1fff'5bd0     0x4  system_MK60DZ10.o [1]
    .bss               zero     0x1fff'5bd4     0x4  xfail_s.o [2]
    .bss               zero     0x1fff'5bd8    0x50  xfiles.o [2]
    .bss               zero     0x1fff'5c28     0x1  MT9V032.o [1]
    .bss               zero     0x1fff'5c29     0x1  MT9V032.o [1]
                              - 0x1fff'5c2c  0x4f68

Unused ranges:

         From           To      Size
         ----           --      ----
       0x3ab8     0x8'0000  0x7'c549
  0x1000'0000  0x1007'ffff  0x8'0000
  0x1fff'5c2c  0x2001'0000  0x1'a3d5


*******************************************************************************
*** INIT TABLE
***

          Address      Size
          -------      ----
Zero (__iar_zero_init3)
    1 destination range, total size 0x4f66:
          0x1fff'0cc4  0x4f66



*******************************************************************************
*** MODULE SUMMARY
***

    Module               ro code  rw code  ro data  rw data
    ------               -------  -------  -------  -------
command line/config:
    -------------------------------------------------------
    Total:

C:\Users\10458\Desktop\讲课\2019四轮华东赛\总钻风采集\Prj\IAR\FX15_Debug\Obj: [1]
    LCD12864.o               928                      1 024
    MK60_SysTick.o            96                92
    MK60_conf.o              100             1 896    1 800
    MK60_dma.o               584                88
    MK60_gpio.o              308               108       20
    MK60_mcg.o             1 000       72      164       92
    MK60_port.o               80                20       20
    MK60_uart.o              696               112       24
    MK60_wdog.o               64
    MT9V032.o                808                69   19 275
    main.o                    72
    misc.o                    80                84
    startup_MK60DZ10.o         8
    system_MK60DZ10.o        280                         12
    vectors.o                                1 040
    -------------------------------------------------------
    Total:                 5 104       72    3 673   22 267

dl7M_tlf.a: [2]
    abort.o                    6
    exit.o                     4
    low_level_init.o           4
    printf.o                  40
    putchar.o                 12
    xfail_s.o                 64                          4
    xfiles.o                                    72      152
    xlocale_c.o                8                60       56
    xprintflarge_nomb.o    3 094
    xprout.o                  22
    -------------------------------------------------------
    Total:                 3 254               132      212

m7M_tl.a: [3]
    DblAdd.o                 362
    DblDiv.o                 582
    DblMul.o                 418
    DblSub.o                 226
    DblToU32.o                40
    U32ToDbl.o                26
    frexp.o                  112
    -------------------------------------------------------
    Total:                 1 766

rt7M_tl.a: [4]
    ABImemcpy.o              166
    I64DivMod.o              560
    I64DivZer.o                2
    XXexit.o                  12
    cexit.o                   10
    cmain.o                   30
    cstartup_M.o              12
    data_init.o               40
    memchr.o                  88
    strchr.o                  22
    strlen.o                  54
    zero_init3.o              58
    -------------------------------------------------------
    Total:                 1 054

    Gaps                      22
    Linker created             8                19
-----------------------------------------------------------
    Grand Total:          11 208       72    3 824   22 479


*******************************************************************************
*** ENTRY LIST
***

Entry                       Address    Size  Type      Object
-----                       -------    ----  ----      ------
.bss$$Base              0x1fff'0cc4           --   Gb  - Linker created -
.bss$$Limit             0x1fff'5c2c           --   Gb  - Linker created -
.data$$Base             0x1fff'0410           --   Gb  - Linker created -
.data$$Limit            0x1fff'0c7c           --   Gb  - Linker created -
.data_init$$Base             0x1b38           --   Gb  - Linker created -
.data_init$$Limit            0x23a4           --   Gb  - Linker created -
.iar.init_table$$Base        0x3a44           --   Gb  - Linker created -
.iar.init_table$$Limit       0x3a54           --   Gb  - Linker created -
?main                        0x3a55          Code  Gb  cmain.o [4]
ASSERT_FAILED_STR            0x3a20    0x24  Data  Gb  MK60_conf.o [1]
CodeRelocate$$Base           0x3974           --   Gb  - Linker created -
CodeRelocate$$Limit          0x39bc           --   Gb  - Linker created -
CodeRelocateRam$$Base   0x1fff'0c7c           --   Gb  - Linker created -
CodeRelocateRam$$Limit  0x1fff'0cc4           --   Gb  - Linker created -
GET_CFG                 0x1fff'0bd8    0x20  Data  Gb  MT9V032.o [1]
GPIOX                   0x1fff'0b18    0x14  Data  Gb  MK60_gpio.o [1]
LCD_DLY_ms                   0x28a5    0x18  Code  Gb  LCD12864.o [1]
LCD_Fill                     0x2863    0x42  Code  Gb  LCD12864.o [1]
LCD_Init                     0x28bd   0x100  Code  Gb  LCD12864.o [1]
LCD_Set_Pos                  0x2833    0x30  Code  Gb  LCD12864.o [1]
LCD_WrCmd                    0x27e5    0x4e  Code  Gb  LCD12864.o [1]
LCD_WrDat                    0x2795    0x4e  Code  Gb  LCD12864.o [1]
LCD_show_ZZF_image           0x2aad    0x7e  Code  Gb  LCD12864.o [1]
LoadInt                       0x5bd    0x7a  Code  Lc  xprintflarge_nomb.o [2]
MT9V032_CFG             0x1fff'0bb4    0x24  Data  Gb  MT9V032.o [1]
NVIC_DisableIRQ              0x3075    0x18  Code  Lc  MT9V032.o [1]
NVIC_EnableIRQ               0x3775    0x16  Code  Lc  main.o [1]
NVIC_EnableIRQ               0x2da5    0x18  Code  Lc  MK60_uart.o [1]
NVIC_EnableIRQ               0x305d    0x18  Code  Lc  MT9V032.o [1]
NVIC_SetPriority             0x308d    0x30  Code  Lc  MT9V032.o [1]
OLED_DrawPoint               0x2a0b    0xa2  Code  Gb  LCD12864.o [1]
OLED_GRAM               0x1fff'0cc4   0x400  Data  Gb  LCD12864.o [1]
OLED_Refresh_Gram            0x29bd    0x4e  Code  Gb  LCD12864.o [1]
PORTX                   0x1fff'0b88    0x14  Data  Gb  MK60_port.o [1]
Region$$Table$$Base          0x3a44           --   Gb  - Linker created -
Region$$Table$$Limit         0x3a54           --   Gb  - Linker created -
Reset_Handler                 0x411          Code  Gb  startup_MK60DZ10.o [1]
UART5_RX_TX_IRQHandler       0x3169    0x24  Code  Gb  MT9V032.o [1]
UARTN                   0x1fff'0b9c    0x18  Data  Gb  MK60_uart.o [1]
VSYNC                        0x3317    0x12  Code  Gb  MT9V032.o [1]
ZZF_Init                     0x3113    0x26  Code  Gb  MT9V032.o [1]
_GenldLargeNoMb               0xd4d   0x24c  Code  Lc  xprintflarge_nomb.o [2]
_LdtobLargeNoMb               0xaf3   0x232  Code  Lc  xprintflarge_nomb.o [2]
_LitobLargeNoMb               0x9a3   0x10a  Code  Lc  xprintflarge_nomb.o [2]
_Locale_lconv           0x1fff'0bf8    0x38  Data  Lc  xlocale_c.o [2]
_PrintfLargeNoMb              0x419   0x19e  Code  Gb  xprintflarge_nomb.o [2]
_Prout                       0x3a87    0x16  Code  Gb  xprout.o [2]
_PutcharsLargeNoMb            0xf99    0x2e  Code  Lc  xprintflarge_nomb.o [2]
_PutfldLargeNoMb              0x637   0x260  Code  Lc  xprintflarge_nomb.o [2]
_PuttxtLargeNoMb              0x897   0x10c  Code  Lc  xprintflarge_nomb.o [2]
__BOOT_STACK_ADDRESS {Abs}
                        0x2000'fff8          Data  Gb  <internal module>
__VECTOR_RAM {Abs}      0x1fff'0000          Data  Gb  <internal module>
__VECTOR_TABLE {Abs}            0x0          Data  Gb  <internal module>
__aeabi_d2uiz                0x1885          Code  Gb  DblToU32.o [3]
__aeabi_ddiv                 0x163d          Code  Gb  DblDiv.o [3]
__aeabi_dmul                 0x1381          Code  Gb  DblMul.o [3]
__aeabi_dsub                 0x18c9          Code  Gb  DblSub.o [3]
__aeabi_ldiv0                0x19bd          Code  Gb  I64DivZer.o [4]
__aeabi_memcpy               0x1525          Code  Gb  ABImemcpy.o [4]
__aeabi_memcpy4              0x1545          Code  Gb  ABImemcpy.o [4]
__aeabi_memcpy8              0x1545          Code  Gb  ABImemcpy.o [4]
__aeabi_ui2d                 0x18ad          Code  Gb  U32ToDbl.o [3]
__aeabi_uldivmod             0x1151          Code  Gb  I64DivMod.o [4]
__cmain                      0x3a55          Code  Gb  cmain.o [4]
__code_start__ {Abs}          0x410          Data  Gb  <internal module>
__exit                       0x1b2d          Code  Gb  XXexit.o [4]
__iar_Fail_s                 0x1081    0x1c  Code  Gb  xfail_s.o [2]
__iar_Memchr                 0x10f9          Code  Gb  memchr.o [4]
__iar_Stdout            0x1fff'0c30    0x48  Data  Gb  xfiles.o [2]
__iar_Strchr                 0x1069          Code  Gb  strchr.o [4]
__iar_dadd                   0x18d9          Code  Gb  DblSub.o [3]
__iar_data_init3             0x39f9    0x28  Code  Gb  data_init.o [4]
__iar_dsub                   0x19c1          Code  Gb  DblAdd.o [3]
__iar_dsubStart              0x19d3          Code  Gb  DblAdd.o [3]
__iar_frexp                  0x15d9          Code  Gb  frexp.o [3]
__iar_frexp64                0x15cd          Code  Gb  frexp.o [3]
__iar_frexpl                 0x15d9          Code  Gb  frexp.o [3]
__iar_program_start          0x3aa9          Code  Gb  cstartup_M.o [4]
__iar_zero_init3             0x102f    0x3a  Code  Gb  zero_init3.o [4]
__low_level_init             0x3a73     0x4  Code  Gb  low_level_init.o [2]
__vector_table                  0x0   0x410  Data  Gb  vectors.o [1]
_call_main                   0x3a61          Code  Gb  cmain.o [4]
_exit                        0x3a7d          Code  Gb  cexit.o [4]
_main                        0x3a6f          Code  Gb  cmain.o [4]
abort                        0x19b5     0x6  Code  Gb  abort.o [2]
assert_failed                0x2cb9    0x1a  Code  Gb  MK60_conf.o [1]
bus_clk_khz             0x1fff'5bd0     0x4  Data  Gb  system_MK60DZ10.o [1]
camera_init                  0x3229    0xee  Code  Gb  MT9V032.o [1]
common_startup               0x3673    0x84  Code  Gb  system_MK60DZ10.o [1]
core_clk_khz            0x1fff'5bc8     0x4  Data  Gb  system_MK60DZ10.o [1]
core_clk_mhz            0x1fff'5bcc     0x4  Data  Gb  system_MK60DZ10.o [1]
default_isr                  0x2ce7    0x26  Code  Gb  MK60_conf.o [1]
dma_gpio_input_init          0x33d5    0x5c  Code  Lc  MK60_dma.o [1]
dma_portx2buff_init          0x3431   0x1b6  Code  Gb  MK60_dma.o [1]
dma_repeat                   0x30bd    0x56  Code  Lc  MT9V032.o [1]
exit                         0x3a77     0x4  Code  Gb  exit.o [2]
fputc                        0x2cd3    0x14  Code  Gb  MK60_conf.o [1]
frexp                        0x15cd          Code  Gb  frexp.o [3]
frexpl                       0x15cd          Code  Gb  frexp.o [3]
get_config                   0x31c7    0x62  Code  Gb  MT9V032.o [1]
gpio_init                    0x2b35    0xb6  Code  Gb  MK60_gpio.o [1]
gpio_set                     0x2beb    0x76  Code  Gb  MK60_gpio.o [1]
image_buff              0x1fff'10c4  0x4b00  Data  Gb  MT9V032.o [1]
localeconv                   0x19ad     0x4  Code  Gb  xlocale_c.o [2]
main                         0x378b    0x28  Code  Gb  main.o [1]
mcg_cfg                 0x1fff'0b2c    0x58  Data  Gb  MK60_mcg.o [1]
mcg_div                 0x1fff'0b84     0x4  Data  Gb  MK60_mcg.o [1]
mcg_div_count                0x23ad   0x334  Code  Gb  MK60_mcg.o [1]
memchr                       0x10f9          Code  Gb  memchr.o [4]
mt9v032_cof_uart_interrupt
                             0x318d    0x3a  Code  Gb  MT9V032.o [1]
mt9v032_finish_flag     0x1fff'5c29     0x1  Data  Gb  MT9V032.o [1]
obuf                    0x1fff'5bd8    0x50  Data  Lc  xfiles.o [2]
pll_init                     0x26e1    0x96  Code  Gb  MK60_mcg.o [1]
port_init                    0x2c69    0x48  Code  Gb  MK60_port.o [1]
printf                       0x2d1d    0x28  Code  Gb  printf.o [2]
putchar                      0x3a9d     0xc  Code  Gb  putchar.o [2]
receive                 0x1fff'5bc4     0x4  Data  Gb  MT9V032.o [1]
receive_num             0x1fff'5c28     0x1  Data  Gb  MT9V032.o [1]
row_finished                 0x3329    0x10  Code  Gb  MT9V032.o [1]
scale                         0xaad    0x46  Code  Lc  xprintflarge_nomb.o [2]
sec_hand                0x1fff'5bd4     0x4  Data  Lc  xfail_s.o [2]
set_sys_dividers        0x1fff'0c7d    0x48  Code  Gb  MK60_mcg.o [1]
set_vector_handler           0x33a7    0x22  Code  Gb  misc.o [1]
start                        0x361d    0x28  Code  Gb  system_MK60DZ10.o [1]
strchr                       0x1069          Code  Gb  strchr.o [4]
strlen                       0x10c1          Code  Gb  strlen.o [4]
sysinit                      0x3645    0x2e  Code  Gb  system_MK60DZ10.o [1]
systick_delay                0x2d45    0x32  Code  Gb  MK60_SysTick.o [1]
systick_delay_ms             0x2d77    0x18  Code  Gb  MK60_SysTick.o [1]
uart_getchar                 0x2fb3    0x1e  Code  Gb  MK60_uart.o [1]
uart_init                    0x2dbd   0x1f6  Code  Gb  MK60_uart.o [1]
uart_putbuff                 0x2fed    0x26  Code  Gb  MK60_uart.o [1]
uart_putchar                 0x2fd1    0x1c  Code  Gb  MK60_uart.o [1]
uart_receive_flag       0x1fff'0c78     0x1  Data  Gb  MT9V032.o [1]
uart_rx_irq_en               0x3013    0x2e  Code  Gb  MK60_uart.o [1]
vector_str              0x1fff'0410   0x708  Data  Gb  MK60_conf.o [1]
wdog_disable                 0x3735    0x14  Code  Gb  MK60_wdog.o [1]
wdog_unlock                  0x3749    0x20  Code  Lc  MK60_wdog.o [1]
write_vtor                   0x3385    0x22  Code  Gb  misc.o [1]
zDMA0_IRQHandler             0x3155    0x12  Code  Gb  MT9V032.o [1]
zPORTC_IRQHandler            0x3139    0x1c  Code  Gb  MT9V032.o [1]


[1] = C:\Users\10458\Desktop\讲课\2019四轮华东赛\总钻风采集\Prj\IAR\FX15_Debug\Obj
[2] = dl7M_tlf.a
[3] = m7M_tl.a
[4] = rt7M_tl.a

  11 208 bytes of readonly  code memory
      72 bytes of readwrite code memory
   3 824 bytes of readonly  data memory
  22 479 bytes of readwrite data memory

Errors: none
Warnings: none
